---
source: crates/sui-prover/tests/integration.rs
expression: output
---
exiting with verification errors
error: prover::ensures assertion does not hold
   ┌─ tests/inputs/prettyprint-struct.move:22:5
   │
22 │     ensures(res.b != x);
   │     ^^^^^^^^^^^^^^^^^^^
   │
   =     at tests/inputs/prettyprint-struct.move:19: foo_spec
