---
source: crates/sui-prover/tests/integration.rs
expression: output
---
exiting with bytecode transformation errors
error: Spec function `foo::foo_spec` should call target function `foo::foo`
  ┌─ tests/inputs/spec_purity/spec_purity_no_target_call.move:6:1
  │  
6 │ ╭ public fun foo_spec() {
7 │ │     assert!(true);
8 │ │ }
  │ ╰─^
