---
source: crates/sui-prover/tests/integration.rs
assertion_line: 268
expression: output
---
Verification successful


== Generated Boogie Code ==
function {:inline} $42_quantifiers_forall_exists_ok_x_is_10$pure(_$t0: int) returns ($ret0: bool)
{
    (var $t3 := 10;
    (var $t4 := (_$t0 == $t3);
    $t4))
}
function {:inline} $42_quantifiers_forall_exists_ok_x_is_gte_0$pure(_$t0: int) returns ($ret0: bool)
{
    (var $t1 := 0;
    (var $t2 := (_$t0 >= $t1);
    $t2))
}
