---
source: crates/sui-prover/tests/integration.rs
expression: output
---
exiting with bytecode transformation errors
error: Invalid quantifier macro pattern: expected a lambda function, but found an inlined expression
   ┌─ tests/inputs/quantifiers/partial_pattern_fail.move:10:1
   │  
10 │ ╭ fun test_1_spec() {
11 │ │     let v = vector[0u64, 10, 20, 10, 30];
12 │ │     let x = begin_map_lambda<u64>(&v);
13 │ │     ensures(*x > 0);
14 │ │ }
   │ ╰─^

error: Invalid quantifier macro pattern: expected a lambda function, but found an inlined expression
   ┌─ tests/inputs/quantifiers/partial_pattern_fail.move:23:1
   │  
23 │ ╭ fun test_3_spec() {
24 │ │     let b = end_exists_lambda();
25 │ │     ensures(b);
26 │ │ }
   │ ╰─^

error: Invalid quantifier macro pattern: expected a lambda function, but found an inlined expression
   ┌─ tests/inputs/quantifiers/partial_pattern_fail.move:17:1
   │  
17 │ ╭ fun test_2_spec() {
18 │ │     let positive = begin_forall_lambda();
19 │ │     ensures(*positive);
20 │ │ }
   │ ╰─^
