---
source: crates/sui-prover/tests/integration.rs
assertion_line: 155
expression: output
---
exiting with bytecode transformation errors
error: Invalid quantifier macro pattern: Invalid standalone usage of start function
  ┌─ tests/../../../packages/prover/sources/vector.move:9:1
  │
9 │ public native fun begin_map_lambda<T>(v: &vector<T>): T;
  │ ^^^^^^^^^^^^^^^^^^^^^^^^^^^^^^^^^^^^^^^^^^^^^^^^^^^^^^^^
