---
source: crates/sui-prover/tests/integration.rs
expression: output
---
exiting with verification errors
error: prover::ensures does not hold
   ┌─ tests/inputs/loop_invariant/issue-416.move:17:1
   │  
17 │ ╭ public fun bar(v: vector<u8>): vector<u8> {
18 │ │     v.map!(|x| flip(&x))
19 │ │ }
   │ ╰─^
   │  
   =     at tests/inputs/loop_invariant/issue-416.move:22: bar_spec
