---
source: crates/sui-prover/tests/integration.rs
expression: output
---
exiting with verification errors
error: prover::ensures does not hold
    ┌─ tests/inputs/loop_invariant/issue-416.move:12:1
    │  
 12 │ ╭ fun bar_loop_inv(i: u64, stop: u64, v__3: &vector<u8>, v: &vector<u8>, r: &vector<u8>): bool {
 13 │ │     i <= stop && v__3.length() == stop - i && r == map_range!(v, 0, i, |x| flip(x))
 14 │ │         && !exists!(|j| more_loop_inv_3(*j, v, v__3))
 15 │ │ }
    │ ╰─^
    │  
    ┌─ /NORMALIZED_HOME/.move/https___github_com_asymptotic-code_sui_git_NORMALIZED/crates/sui-framework/packages/move-stdlib/sources/macros.move:180:12
    │
180 │     while (i < stop) {
    │            - loop invariant is not preserved by the loop body
    │
    =     Boogie does not return any augmented executed trace. See the plain trace below:
      output/loop_invariant/issue-416/issue_416::bar_spec_Check.bpl(5189,9): anon0
      output/loop_invariant/issue-416/issue_416::bar_spec_Check.bpl(3831,5): inline$$1_vector_pop_back'u8'$0$anon3_Else
      output/loop_invariant/issue-416/issue_416::bar_spec_Check.bpl(4885,17): inline$$42_issue_416_bar$impl$0$anon6_Then$1
      output/loop_invariant/issue-416/issue_416::bar_spec_Check.bpl(2085,5): inline$$AddU64$0$anon3_Else
      output/loop_invariant/issue-416/issue_416::bar_spec_Check.bpl(2088,9): inline$$AddU64$0$anon2
