---
source: crates/sui-prover/tests/integration.rs
assertion_line: 297
expression: output
---
Verification successful
warning: UID object type not found, dynamic fields will be placed under UID
   ┌─ tests/inputs/dynamic_field/uid_param_target.ok.move:17:5
   │
17 │     df::add(uid, WhitelistKey { address: addr }, true);
   │     ^^^^^^^^^^^^^^^^^^^^^^^^^^^^^^^^^^^^^^^^^^^^^^^^^^

warning: UID object type not found, dynamic fields will be placed under UID
   ┌─ tests/inputs/dynamic_field/uid_param_target.ok.move:34:14
   │
34 │     asserts(!df::exists_with_type<WhitelistKey, bool>(uid, whitelist_key(addr)));
   │              ^^^^^^^^^^^^^^^^^^^^^^^^^^^^^^^^^^^^^^^^^^^^^^^^^^^^^^^^^^^^^^^^^^

warning: UID object type not found, dynamic fields will be placed under UID
   ┌─ tests/inputs/dynamic_field/uid_param_target.ok.move:21:5
   │
21 │     df::add(uid, AllowAllKey {}, true);
   │     ^^^^^^^^^^^^^^^^^^^^^^^^^^^^^^^^^^

warning: UID object type not found, dynamic fields will be placed under UID
   ┌─ tests/inputs/dynamic_field/uid_param_target.ok.move:40:14
   │
40 │     asserts(!df::exists_with_type<AllowAllKey, bool>(uid, allow_all_key()));
   │              ^^^^^^^^^^^^^^^^^^^^^^^^^^^^^^^^^^^^^^^^^^^^^^^^^^^^^^^^^^^^^
